C:\Users\bhara\Downloads\mainn\.venv\Lib\site-packages\pyteal\pragma\pragma.py:2: UserWarning: pkg_resources is deprecated as an API. See https://setuptools.pypa.io/en/latest/pkg_resources.html. The pkg_resources package is slated for removal as early as 2025-11-30. Refrain from using this package or pin to Setuptools<81.
  import pkg_resources
Traceback (most recent call last):
  File "C:\Users\bhara\Downloads\mainn\.venv\Lib\site-packages\pyteal\ast\seq.py", line 55, in __init__
    require_type(expr, TealType.none)
    ~~~~~~~~~~~~^^^^^^^^^^^^^^^^^^^^^
  File "C:\Users\bhara\Downloads\mainn\.venv\Lib\site-packages\pyteal\types.py", line 38, in require_type
    raise TealTypeError(actual, expected)
pyteal.TealTypeError: TealType.uint64 while expected TealType.none 

During handling of the above exception, another exception occurred:

Traceback (most recent call last):
  File "C:\Users\bhara\Downloads\mainn\deployment\deploy_single.py", line 102, in <module>
    app_id = deploy_one(name)
  File "C:\Users\bhara\Downloads\mainn\deployment\deploy_single.py", line 73, in deploy_one
    approval_teal = compileTeal(getattr(module, approval_fn)(), Mode.Application, version=8)
                                ~~~~~~~~~~~~~~~~~~~~~~~~~~~~^^
  File "C:\Users\bhara\Downloads\mainn\contracts\paymaster.py", line 55, in paymaster_contract
    add_whitelist_fn = Seq([
        Assert(Txn.sender() == App.globalGet(admin_key)),
    ...<7 lines>...
        Return(Int(1))
    ])
  File "C:\Users\bhara\Downloads\mainn\.venv\Lib\site-packages\pyteal\ast\seq.py", line 64, in __init__
    raise seq_error
pyteal.TealSeqError: (Btoi (Txna ApplicationArgs 1)) must have a return type of TealType.none. Only the last entry of a Seq array can have a return value.
